// Jest Snapshot v1, https://goo.gl/fbAQLP

exports[`ComputeStack Gateway stack matches snapshot 1`] = `
{
  "Parameters": {
    "BootstrapVersion": {
      "Default": "/cdk-bootstrap/hnb659fds/version",
      "Description": "Version of the CDK Bootstrap resources in this environment, automatically retrieved from SSM Parameter Store. [cdk:skip]",
      "Type": "AWS::SSM::Parameter::Value<String>",
    },
  },
  "Resources": {
    "FileBasedApiGwTestGETv1posts773712DA": {
      "Properties": {
        "Code": {
          "S3Bucket": {
            "Fn::Sub": "cdk-hnb659fds-assets-\${AWS::AccountId}-\${AWS::Region}",
          },
          "S3Key": "d5dac4bae04a6a195a3edf9db5b42af3b328dcf2ba2890f07b6ee1844e09ab5c.zip",
        },
        "Environment": {
          "Variables": {
            "AWS_NODEJS_CONNECTION_REUSE_ENABLED": "1",
          },
        },
        "Handler": "index.handler",
        "LoggingConfig": {
          "LogGroup": {
            "Fn::ImportValue": "MonitoringStack:ExportsOutputRefv1postsGETLogGroup4A3A885AC51DA2CF",
          },
        },
        "Role": {
          "Fn::ImportValue": "SecurityStack:ExportsOutputFnGetAttLambdaExecutionRoleD5C26073ArnADAF6607",
        },
        "Runtime": "nodejs20.x",
      },
      "Type": "AWS::Lambda::Function",
    },
    "FileBasedApiGwTestPOSTv1posts48438635": {
      "Properties": {
        "Code": {
          "S3Bucket": {
            "Fn::Sub": "cdk-hnb659fds-assets-\${AWS::AccountId}-\${AWS::Region}",
          },
          "S3Key": "1a0c7919d7b6043d9d668f7e2a4797685a7864edc050d014cb15391d31e4600d.zip",
        },
        "Environment": {
          "Variables": {
            "AWS_NODEJS_CONNECTION_REUSE_ENABLED": "1",
          },
        },
        "Handler": "index.handler",
        "LoggingConfig": {
          "LogGroup": {
            "Fn::ImportValue": "MonitoringStack:ExportsOutputRefv1postsPOSTLogGroup90A1408C7143A1EE",
          },
        },
        "Role": {
          "Fn::ImportValue": "SecurityStack:ExportsOutputFnGetAttLambdaExecutionRoleD5C26073ArnADAF6607",
        },
        "Runtime": "nodejs20.x",
      },
      "Type": "AWS::Lambda::Function",
    },
  },
  "Rules": {
    "CheckBootstrapVersion": {
      "Assertions": [
        {
          "Assert": {
            "Fn::Not": [
              {
                "Fn::Contains": [
                  [
                    "1",
                    "2",
                    "3",
                    "4",
                    "5",
                  ],
                  {
                    "Ref": "BootstrapVersion",
                  },
                ],
              },
            ],
          },
          "AssertDescription": "CDK bootstrap stack version 6 required. Please run 'cdk bootstrap' with a recent version of the CDK CLI.",
        },
      ],
    },
  },
}
`;
